/Users/geanm/Documents/redu-thesis-2/my-video-draft-2/scripts/align-ctc-voiceover.py:33: UserWarning: torchaudio.functional._alignment.forced_align has been deprecated. This deprecation is part of a large refactoring effort to transition TorchAudio into a maintenance phase. Please see https://github.com/pytorch/audio/issues/3902 for more information. It will be removed from the 2.9 release. 
  path, score = torchaudio.functional.forced_align(log_probs, targets, blank=0)
  0.10–  0.36 Just
  0.63–  0.76 one
  0.81–  1.04 more
  1.09–  1.54 video...
  2.33–  2.44 Then
  2.51–  2.92 another.
  3.57–  4.16 Suddenly,
  4.51–  4.70 it’s
  4.91–  5.66 two-oh-seven
  5.75–  6.06 A.M.
  6.75–  7.12 That's
  7.29–  8.00 doomscrolling.
  8.47–  9.00 Screen-time
  9.03–  9.34 limits
  9.37–  9.62 count
  9.75– 10.12 minutes,
 10.47– 10.82 NOT
 10.85– 11.00 what
 11.00– 11.12 you
 11.17– 11.48 watch.
 12.04– 12.24 Meet
 12.37– 12.70 REDU:
 13.18– 13.26 a
 13.26– 14.10 privacy-first
 14.23– 14.58 Android
 14.65– 14.76 app
 14.86– 14.98 that
 15.07– 15.52 notices
 15.55– 16.22 doomscrolling,
 16.46– 16.62 and
 16.73– 16.98 helps
 16.99– 17.10 you
 17.13– 17.46 pause.
 17.97– 18.22 Built
 18.27– 18.42 for
 18.45– 18.80 adult
 18.83– 19.34 Filipino
 19.45– 19.76 Android
 19.85– 20.18 users
 20.25– 20.36 who
 20.39– 20.64 watch
 20.69– 21.14 short-form
 21.17– 21.52 video.
 21.96– 22.28 Three
 22.35– 22.80 signals:
 23.17– 23.54 session
 23.59– 23.84 length,
 24.13– 24.36 time
 24.39– 24.52 per
 24.53– 24.90 video,
 25.13– 25.24 and
 25.29– 25.64 negative
 25.65– 26.18 captions.
 26.61– 26.92 Fuzzy
 26.95– 27.29 logic
 27.34– 27.79 combines
 27.82– 27.99 them
 28.08– 28.25 into
 28.30– 28.35 a
 28.40– 29.05 doomscrolling
 29.10– 29.31 risk
 29.38– 29.67 score.
 30.08– 30.19 When
 30.19– 30.27 it
 30.32– 30.73 rises,
 31.09– 31.39 REDU
 31.46– 31.77 steps
 31.82– 31.89 in
 31.98– 32.39 gently:
 32.83– 32.89 a
 32.89– 33.45 reminder,
 33.78– 33.87 a
 33.87– 34.29 pause,
 34.69– 34.83 then
 35.08– 35.13 a
 35.16– 35.49 breathing
 35.50– 35.73 break.
 36.20– 36.43 You
 36.60– 36.83 stay
 36.86– 36.93 in
 36.98– 37.45 control.
 37.90– 37.99 It
 38.16– 38.33 all
 38.36– 38.59 runs
 38.64– 38.71 on
 38.72– 38.87 your
 38.88– 39.17 phone,
 39.38– 39.49 and
 39.49– 39.69 raw
 39.76– 40.17 content
 40.26– 40.35 is
 40.50– 40.75 never
 40.78– 41.05 kept.
 41.47– 41.55 In
 41.55– 41.65 a
 41.68– 42.01 two-week
 42.06– 42.43 pilot
 42.44– 42.59 with
 42.68– 42.99 fifty
 43.02– 43.53 Filipino
 43.58– 43.95 adults,
 44.22– 44.57 prompted
 44.66– 44.95 users
 45.00– 45.35 scrolled
 45.38– 45.65 less,
 45.86– 45.99 and
 46.08– 46.25 saw
 46.34– 46.53 less
 46.58– 46.89 negative
 46.90– 47.35 content.
 47.79– 48.13 REDU.
 48.63– 48.99 Notice
 49.04– 49.15 the
 49.16– 49.53 scroll.
 49.96– 50.27 Choose
 50.30– 50.41 the
 50.42– 50.77 pause.
